2026-06-23 22:04:32 | WARNING  | bot.main | [CVDGate] CVD DIVERGENCE VETO: BULLISH divergence opposes SELL | strength=0.789 method=sequential confirms=2 vol=0.51x
2026-06-23 22:04:32 | WARNING  | bot.main | [CVDGate] Opposing divergence cap after unit-test: 65.46% -> 60.00%
2026-06-23 22:04:32 | WARNING  | bot.derivatives_context | [Derivatives] top_trader_ls hit exchange rate limit (418 I'm a teapot Too Many Requests -1003); cooling down 900s.
2026-06-23 22:04:32 | WARNING  | bot.derivatives_context | [Derivatives] Rate-limit cooldown active for 900s; using stale/neutral taker_flow.
2026-06-23 22:04:32 | WARNING  | bot.executor | [Executor] DRY-RUN mode: no real orders will be placed.
2026-06-23 22:04:32 | WARNING  | bot.executor | [Executor] DRY-RUN mode: no real orders will be placed.
2026-06-23 22:04:32 | WARNING  | bot.executor | [Executor] DRY-RUN mode: no real orders will be placed.
2026-06-23 22:04:32 | WARNING  | bot.executor | [Executor] DRY-RUN mode: no real orders will be placed.
2026-06-23 22:04:32 | WARNING  | bot.executor | [LiveExit] fill-price fetch failed: network error
2026-06-23 22:04:32 | WARNING  | bot.executor | [Executor] DRY-RUN mode: no real orders will be placed.
2026-06-23 22:04:32 | WARNING  | bot.executor | [Executor] DRY-RUN mode: no real orders will be placed.
2026-06-23 22:04:32 | WARNING  | bot.executor | [Executor] DRY-RUN mode: no real orders will be placed.
2026-06-23 22:04:32 | WARNING  | bot.executor | [Executor] DRY-RUN mode: no real orders will be placed.
2026-06-23 22:04:32 | WARNING  | bot.executor | [LiveExit] poll error: timeout
2026-06-23 22:04:33 | WARNING  | bot.executor | [Executor] DRY-RUN mode: no real orders will be placed.
2026-06-23 22:04:33 | WARNING  | bot.executor | [Executor] EMERGENCY FLATTEN triggered (test split close) for 0.005 BTC/USDT:USDT
2026-06-23 22:04:33 | ERROR    | bot.executor | [Executor] ⚠️ Position too small: 0.000066 BTC < min 0.001. Need ~$144 equity at 1.0% risk. Current equity=$10. Deposit or raise BOT_MAX_RISK_PCT.
2026-06-23 22:04:33 | ERROR    | bot.executor | [Executor] Account $100 too small. Notional=$19.80 < min $50.50. Needs ~$252500 account. ABORTING order.
2026-06-23 22:04:33 | ERROR    | bot.executor | [Executor] Capped notional=$40.00 < min $50.50. ABORTING order.
2026-06-23 22:04:33 | WARNING  | bot.executor | [Executor] Batch orders failed (batch failed). Trying individual orders...
2026-06-23 22:04:35 | ERROR    | bot.executor | [Executor] TP failed after all attempts. Cancelling sibling SL (id=sl-1) and flattening.
2026-06-23 22:04:35 | ERROR    | bot.executor | [Executor] Live order / SL placement failed: Bracket placement failed: TP leg rejected
Traceback (most recent call last):
  File "C:\Users\pc\Desktop\projects\Quad-desk\bot\executor.py", line 1439, in execute_signal
    batch_result = await self.exchange.create_orders(batch_orders)
                   ^^^^^^^^^^^^^^^^^^^^^^^^^^^^^^^^^^^^^^^^^^^^^^^
  File "C:\Users\pc\AppData\Local\Programs\Python\Python312\Lib\unittest\mock.py", line 2291, in _execute_mock_call
    raise effect
Exception: batch failed

During handling of the above exception, another exception occurred:

Traceback (most recent call last):
  File "C:\Users\pc\Desktop\projects\Quad-desk\bot\executor.py", line 1512, in execute_signal
    raise RuntimeError(f"Bracket placement failed: {failed_leg} leg rejected")
RuntimeError: Bracket placement failed: TP leg rejected
2026-06-23 22:04:35 | WARNING  | bot.executor | [Executor] load_markets attempt 1/3 failed: network down. Retrying in 1s…
2026-06-23 22:04:36 | WARNING  | bot.executor | [Executor] load_markets attempt 2/3 failed: network down. Retrying in 2s…
2026-06-23 22:04:38 | WARNING  | bot.executor | [Executor] load_markets attempt 3/3 failed: network down. All retries exhausted.
2026-06-23 22:04:38 | WARNING  | bot.executor | [Executor] Could not load BINANCEUSDM markets after 3 attempts (network down). Injecting minimal market fallback — bot will attempt to continue.
2026-06-23 22:04:38 | CRITICAL | bot.executor | [Executor] Could not load BINANCEUSDM markets after 3 attempts (network down). Live trading blocked because exchange precision/limits are unavailable.
2026-06-23 22:04:38 | WARNING  | bot.executor | [Executor] DRY-RUN mode: no real orders will be placed.
2026-06-23 22:04:38 | WARNING  | bot.executor | [Executor] load_markets attempt 1/3 failed: network down. Retrying in 1s…
2026-06-23 22:04:39 | WARNING  | bot.executor | [Executor] load_markets attempt 2/3 failed: network down. Retrying in 2s…
2026-06-23 22:04:41 | WARNING  | bot.executor | [Executor] load_markets attempt 3/3 failed: network down. All retries exhausted.
2026-06-23 22:04:41 | WARNING  | bot.executor | [Executor] Could not load BINANCEUSDM markets after 3 attempts (network down). Injecting minimal market fallback — bot will attempt to continue.
2026-06-23 22:04:41 | WARNING  | bot.executor | [Executor] Fallback market injected for Binance USDM: BTC/USDT:USDT
2026-06-23 22:04:41 | WARNING  | bot.executor | [Executor] DRY-RUN mode: no real orders will be placed.
2026-06-23 22:04:41 | ERROR    | bot.executor | [Executor] Partial TP: replacement SL rejected at 100.0: Order would immediately trigger. Leaving existing exchange protection in place.
2026-06-23 22:04:41 | ERROR    | bot.executor | [Executor] Partial TP executed but replacement protection failed. Flattening remaining size to avoid unmanaged bleed.
2026-06-23 22:04:41 | WARNING  | bot.executor | [Executor] EMERGENCY FLATTEN triggered (Partial TP protection rebuild failed) for 0.5 BTC/USDT:USDT
2026-06-23 22:04:41 | WARNING  | bot.executor | [Executor] TIME EXIT: age=61s >= 60s for BTC/USDT:USDT | estimated PnL=$-1.10
2026-06-23 22:04:42 | WARNING  | bot.executor | [Executor] DRY-RUN mode: no real orders will be placed.
2026-06-23 22:04:42 | WARNING  | bot.executor | [Executor] DRY-RUN mode: no real orders will be placed.
2026-06-23 22:04:42 | WARNING  | bot.executor | [Executor] DRY-RUN mode: no real orders will be placed.
2026-06-23 22:04:42 | WARNING  | bot.executor | [Executor] Batch orders failed (batch unsupported). Trying individual orders...
2026-06-23 22:04:42 | WARNING  | bot.executor | [Executor] Batch orders failed (batch failed). Trying individual orders...
2026-06-23 22:04:44 | ERROR    | bot.executor | [Executor] TP failed after all attempts. Cancelling sibling SL (id=sl-1) and flattening.
2026-06-23 22:04:44 | ERROR    | bot.executor | [Executor] Live order / SL placement failed: Bracket placement failed: TP leg rejected
Traceback (most recent call last):
  File "C:\Users\pc\Desktop\projects\Quad-desk\bot\executor.py", line 1439, in execute_signal
    batch_result = await self.exchange.create_orders(batch_orders)
                   ^^^^^^^^^^^^^^^^^^^^^^^^^^^^^^^^^^^^^^^^^^^^^^^
  File "C:\Users\pc\AppData\Local\Programs\Python\Python312\Lib\unittest\mock.py", line 2291, in _execute_mock_call
    raise effect
Exception: batch failed

During handling of the above exception, another exception occurred:

Traceback (most recent call last):
  File "C:\Users\pc\Desktop\projects\Quad-desk\bot\executor.py", line 1512, in execute_signal
    raise RuntimeError(f"Bracket placement failed: {failed_leg} leg rejected")
RuntimeError: Bracket placement failed: TP leg rejected
2026-06-23 22:04:44 | WARNING  | bot.main | [Regime Override] HMM hallucinates VOLATILE but RV/IV ratio=0.70 (COMPRESSION). Overriding to NEUTRAL.
2026-06-23 22:04:44 | WARNING  | bot.main | [Regime Override] HMM hallucinates VOLATILE but RV/IV ratio=0.50 (NORMAL). Overriding to NEUTRAL.
2026-06-23 22:04:44 | WARNING  | bot.main | [Regime Override] HMM lagging. RV/IV ratio=1.30 (EXPANSION). Elevating RANGE to VOLATILE.
2026-06-23 22:04:46 | WARNING  | bot.executor | [Executor] DRY-RUN mode: no real orders will be placed.
2026-06-23 22:04:46 | WARNING  | bot.executor | [Executor] DRY-RUN mode: no real orders will be placed.
2026-06-23 22:31:38 | WARNING  | bot.main | [CVDGate] CVD DIVERGENCE VETO: BULLISH divergence opposes SELL | strength=0.789 method=sequential confirms=2 vol=0.51x
2026-06-23 22:31:38 | WARNING  | bot.main | [CVDGate] Opposing divergence cap after unit-test: 65.46% -> 60.00%
2026-06-23 22:31:38 | WARNING  | bot.derivatives_context | [Derivatives] top_trader_ls hit exchange rate limit (418 I'm a teapot Too Many Requests -1003); cooling down 900s.
2026-06-23 22:31:38 | WARNING  | bot.derivatives_context | [Derivatives] Rate-limit cooldown active for 900s; using stale/neutral taker_flow.
2026-06-23 22:31:38 | WARNING  | bot.executor | [Executor] DRY-RUN mode: no real orders will be placed.
2026-06-23 22:31:38 | WARNING  | bot.executor | [Executor] DRY-RUN mode: no real orders will be placed.
2026-06-23 22:31:38 | WARNING  | bot.executor | [Executor] DRY-RUN mode: no real orders will be placed.
2026-06-23 22:31:38 | WARNING  | bot.executor | [Executor] DRY-RUN mode: no real orders will be placed.
2026-06-23 22:31:38 | WARNING  | bot.executor | [LiveExit] fill-price fetch failed: network error
2026-06-23 22:31:38 | WARNING  | bot.executor | [Executor] DRY-RUN mode: no real orders will be placed.
2026-06-23 22:31:38 | WARNING  | bot.executor | [Executor] DRY-RUN mode: no real orders will be placed.
2026-06-23 22:31:38 | WARNING  | bot.executor | [Executor] DRY-RUN mode: no real orders will be placed.
2026-06-23 22:31:38 | WARNING  | bot.executor | [Executor] DRY-RUN mode: no real orders will be placed.
2026-06-23 22:31:38 | WARNING  | bot.executor | [LiveExit] poll error: timeout
2026-06-23 22:31:38 | WARNING  | bot.executor | [Executor] DRY-RUN mode: no real orders will be placed.
2026-06-23 22:31:38 | WARNING  | bot.executor | [Executor] EMERGENCY FLATTEN triggered (test split close) for 0.005 BTC/USDT:USDT
2026-06-23 22:31:38 | ERROR    | bot.executor | [Executor] ⚠️ Position too small: 0.000066 BTC < min 0.001. Need ~$144 equity at 1.0% risk. Current equity=$10. Deposit or raise BOT_MAX_RISK_PCT.
2026-06-23 22:31:38 | ERROR    | bot.executor | [Executor] Account $100 too small. Notional=$19.80 < min $50.50. Needs ~$252500 account. ABORTING order.
2026-06-23 22:31:38 | ERROR    | bot.executor | [Executor] Capped notional=$40.00 < min $50.50. ABORTING order.
2026-06-23 22:31:38 | WARNING  | bot.executor | [Executor] Batch orders failed (batch failed). Trying individual orders...
2026-06-23 22:31:40 | ERROR    | bot.executor | [Executor] TP failed after all attempts. Cancelling sibling SL (id=sl-1) and flattening.
2026-06-23 22:31:40 | ERROR    | bot.executor | [Executor] Live order / SL placement failed: Bracket placement failed: TP leg rejected
Traceback (most recent call last):
  File "C:\Users\pc\Desktop\projects\Quad-desk\bot\executor.py", line 1439, in execute_signal
    batch_result = await self.exchange.create_orders(batch_orders)
                   ^^^^^^^^^^^^^^^^^^^^^^^^^^^^^^^^^^^^^^^^^^^^^^^
  File "C:\Users\pc\AppData\Local\Programs\Python\Python312\Lib\unittest\mock.py", line 2291, in _execute_mock_call
    raise effect
Exception: batch failed

During handling of the above exception, another exception occurred:

Traceback (most recent call last):
  File "C:\Users\pc\Desktop\projects\Quad-desk\bot\executor.py", line 1512, in execute_signal
    raise RuntimeError(f"Bracket placement failed: {failed_leg} leg rejected")
RuntimeError: Bracket placement failed: TP leg rejected
2026-06-23 22:31:40 | WARNING  | bot.executor | [Executor] load_markets attempt 1/3 failed: network down. Retrying in 1s…
2026-06-23 22:31:41 | WARNING  | bot.executor | [Executor] load_markets attempt 2/3 failed: network down. Retrying in 2s…
2026-06-23 22:31:43 | WARNING  | bot.executor | [Executor] load_markets attempt 3/3 failed: network down. All retries exhausted.
2026-06-23 22:31:43 | WARNING  | bot.executor | [Executor] Could not load BINANCEUSDM markets after 3 attempts (network down). Injecting minimal market fallback — bot will attempt to continue.
2026-06-23 22:31:43 | CRITICAL | bot.executor | [Executor] Could not load BINANCEUSDM markets after 3 attempts (network down). Live trading blocked because exchange precision/limits are unavailable.
2026-06-23 22:31:43 | WARNING  | bot.executor | [Executor] DRY-RUN mode: no real orders will be placed.
2026-06-23 22:31:43 | WARNING  | bot.executor | [Executor] load_markets attempt 1/3 failed: network down. Retrying in 1s…
2026-06-23 22:31:44 | WARNING  | bot.executor | [Executor] load_markets attempt 2/3 failed: network down. Retrying in 2s…
2026-06-23 22:31:46 | WARNING  | bot.executor | [Executor] load_markets attempt 3/3 failed: network down. All retries exhausted.
2026-06-23 22:31:46 | WARNING  | bot.executor | [Executor] Could not load BINANCEUSDM markets after 3 attempts (network down). Injecting minimal market fallback — bot will attempt to continue.
2026-06-23 22:31:46 | WARNING  | bot.executor | [Executor] Fallback market injected for Binance USDM: BTC/USDT:USDT
2026-06-23 22:31:46 | WARNING  | bot.executor | [Executor] DRY-RUN mode: no real orders will be placed.
2026-06-23 22:31:47 | ERROR    | bot.executor | [Executor] Partial TP: replacement SL rejected at 100.0: Order would immediately trigger. Leaving existing exchange protection in place.
2026-06-23 22:31:47 | ERROR    | bot.executor | [Executor] Partial TP executed but replacement protection failed. Flattening remaining size to avoid unmanaged bleed.
2026-06-23 22:31:47 | WARNING  | bot.executor | [Executor] EMERGENCY FLATTEN triggered (Partial TP protection rebuild failed) for 0.5 BTC/USDT:USDT
2026-06-23 22:31:47 | WARNING  | bot.executor | [Executor] TIME EXIT: age=61s >= 60s for BTC/USDT:USDT | estimated PnL=$-1.10
2026-06-23 22:31:47 | WARNING  | bot.executor | [Executor] DRY-RUN mode: no real orders will be placed.
2026-06-23 22:31:47 | WARNING  | bot.executor | [Executor] DRY-RUN mode: no real orders will be placed.
2026-06-23 22:31:47 | WARNING  | bot.executor | [Executor] DRY-RUN mode: no real orders will be placed.
2026-06-23 22:31:47 | WARNING  | bot.executor | [Executor] Batch orders failed (batch unsupported). Trying individual orders...
2026-06-23 22:31:47 | WARNING  | bot.executor | [Executor] Batch orders failed (batch failed). Trying individual orders...
2026-06-23 22:31:49 | ERROR    | bot.executor | [Executor] TP failed after all attempts. Cancelling sibling SL (id=sl-1) and flattening.
2026-06-23 22:31:49 | ERROR    | bot.executor | [Executor] Live order / SL placement failed: Bracket placement failed: TP leg rejected
Traceback (most recent call last):
  File "C:\Users\pc\Desktop\projects\Quad-desk\bot\executor.py", line 1439, in execute_signal
    batch_result = await self.exchange.create_orders(batch_orders)
                   ^^^^^^^^^^^^^^^^^^^^^^^^^^^^^^^^^^^^^^^^^^^^^^^
  File "C:\Users\pc\AppData\Local\Programs\Python\Python312\Lib\unittest\mock.py", line 2291, in _execute_mock_call
    raise effect
Exception: batch failed

During handling of the above exception, another exception occurred:

Traceback (most recent call last):
  File "C:\Users\pc\Desktop\projects\Quad-desk\bot\executor.py", line 1512, in execute_signal
    raise RuntimeError(f"Bracket placement failed: {failed_leg} leg rejected")
RuntimeError: Bracket placement failed: TP leg rejected
2026-06-23 22:31:49 | WARNING  | bot.main | [Regime Override] HMM hallucinates VOLATILE but RV/IV ratio=0.70 (COMPRESSION). Overriding to NEUTRAL.
2026-06-23 22:31:49 | WARNING  | bot.main | [Regime Override] HMM hallucinates VOLATILE but RV/IV ratio=0.50 (NORMAL). Overriding to NEUTRAL.
2026-06-23 22:31:49 | WARNING  | bot.main | [Regime Override] HMM lagging. RV/IV ratio=1.30 (EXPANSION). Elevating RANGE to VOLATILE.
2026-06-23 22:31:51 | WARNING  | bot.executor | [Executor] DRY-RUN mode: no real orders will be placed.
2026-06-23 22:31:52 | WARNING  | bot.executor | [Executor] DRY-RUN mode: no real orders will be placed.
2026-06-23 22:32:41 | WARNING  | bot.main | [CVDGate] CVD DIVERGENCE VETO: BULLISH divergence opposes SELL | strength=0.789 method=sequential confirms=2 vol=0.51x
2026-06-23 22:32:41 | WARNING  | bot.main | [CVDGate] Opposing divergence cap after unit-test: 65.46% -> 60.00%
2026-06-23 22:32:41 | WARNING  | bot.derivatives_context | [Derivatives] top_trader_ls hit exchange rate limit (418 I'm a teapot Too Many Requests -1003); cooling down 900s.
2026-06-23 22:32:41 | WARNING  | bot.derivatives_context | [Derivatives] Rate-limit cooldown active for 900s; using stale/neutral taker_flow.
2026-06-23 22:32:41 | WARNING  | bot.executor | [Executor] DRY-RUN mode: no real orders will be placed.
2026-06-23 22:32:41 | WARNING  | bot.executor | [Executor] DRY-RUN mode: no real orders will be placed.
2026-06-23 22:32:41 | WARNING  | bot.executor | [Executor] DRY-RUN mode: no real orders will be placed.
2026-06-23 22:32:41 | WARNING  | bot.executor | [Executor] DRY-RUN mode: no real orders will be placed.
2026-06-23 22:32:41 | WARNING  | bot.executor | [LiveExit] fill-price fetch failed: network error
2026-06-23 22:32:41 | WARNING  | bot.executor | [Executor] DRY-RUN mode: no real orders will be placed.
2026-06-23 22:32:41 | WARNING  | bot.executor | [Executor] DRY-RUN mode: no real orders will be placed.
2026-06-23 22:32:41 | WARNING  | bot.executor | [Executor] DRY-RUN mode: no real orders will be placed.
2026-06-23 22:32:41 | WARNING  | bot.executor | [Executor] DRY-RUN mode: no real orders will be placed.
2026-06-23 22:32:41 | WARNING  | bot.executor | [LiveExit] poll error: timeout
2026-06-23 22:32:41 | WARNING  | bot.executor | [Executor] DRY-RUN mode: no real orders will be placed.
2026-06-23 22:32:41 | WARNING  | bot.executor | [Executor] EMERGENCY FLATTEN triggered (test split close) for 0.005 BTC/USDT:USDT
2026-06-23 22:32:41 | ERROR    | bot.executor | [Executor] ⚠️ Position too small: 0.000066 BTC < min 0.001. Need ~$144 equity at 1.0% risk. Current equity=$10. Deposit or raise BOT_MAX_RISK_PCT.
2026-06-23 22:32:41 | ERROR    | bot.executor | [Executor] Account $100 too small. Notional=$19.80 < min $50.50. Needs ~$252500 account. ABORTING order.
2026-06-23 22:32:41 | ERROR    | bot.executor | [Executor] Capped notional=$40.00 < min $50.50. ABORTING order.
2026-06-23 22:32:41 | WARNING  | bot.executor | [Executor] Batch orders failed (batch failed). Trying individual orders...
2026-06-23 22:32:43 | ERROR    | bot.executor | [Executor] TP failed after all attempts. Cancelling sibling SL (id=sl-1) and flattening.
2026-06-23 22:32:43 | ERROR    | bot.executor | [Executor] Live order / SL placement failed: Bracket placement failed: TP leg rejected
Traceback (most recent call last):
  File "C:\Users\pc\Desktop\projects\Quad-desk\bot\executor.py", line 1439, in execute_signal
    batch_result = await self.exchange.create_orders(batch_orders)
                   ^^^^^^^^^^^^^^^^^^^^^^^^^^^^^^^^^^^^^^^^^^^^^^^
  File "C:\Users\pc\AppData\Local\Programs\Python\Python312\Lib\unittest\mock.py", line 2291, in _execute_mock_call
    raise effect
Exception: batch failed

During handling of the above exception, another exception occurred:

Traceback (most recent call last):
  File "C:\Users\pc\Desktop\projects\Quad-desk\bot\executor.py", line 1512, in execute_signal
    raise RuntimeError(f"Bracket placement failed: {failed_leg} leg rejected")
RuntimeError: Bracket placement failed: TP leg rejected
2026-06-23 22:32:43 | WARNING  | bot.executor | [Executor] load_markets attempt 1/3 failed: network down. Retrying in 1s…
2026-06-23 22:32:44 | WARNING  | bot.executor | [Executor] load_markets attempt 2/3 failed: network down. Retrying in 2s…
2026-06-23 22:32:46 | WARNING  | bot.executor | [Executor] load_markets attempt 3/3 failed: network down. All retries exhausted.
2026-06-23 22:32:46 | WARNING  | bot.executor | [Executor] Could not load BINANCEUSDM markets after 3 attempts (network down). Injecting minimal market fallback — bot will attempt to continue.
2026-06-23 22:32:46 | CRITICAL | bot.executor | [Executor] Could not load BINANCEUSDM markets after 3 attempts (network down). Live trading blocked because exchange precision/limits are unavailable.
2026-06-23 22:32:46 | WARNING  | bot.executor | [Executor] DRY-RUN mode: no real orders will be placed.
2026-06-23 22:32:46 | WARNING  | bot.executor | [Executor] load_markets attempt 1/3 failed: network down. Retrying in 1s…
2026-06-23 22:32:47 | WARNING  | bot.executor | [Executor] load_markets attempt 2/3 failed: network down. Retrying in 2s…
2026-06-23 22:32:49 | WARNING  | bot.executor | [Executor] load_markets attempt 3/3 failed: network down. All retries exhausted.
2026-06-23 22:32:49 | WARNING  | bot.executor | [Executor] Could not load BINANCEUSDM markets after 3 attempts (network down). Injecting minimal market fallback — bot will attempt to continue.
2026-06-23 22:32:49 | WARNING  | bot.executor | [Executor] Fallback market injected for Binance USDM: BTC/USDT:USDT
2026-06-23 22:32:50 | WARNING  | bot.executor | [Executor] DRY-RUN mode: no real orders will be placed.
2026-06-23 22:32:50 | ERROR    | bot.executor | [Executor] Partial TP: replacement SL rejected at 100.0: Order would immediately trigger. Leaving existing exchange protection in place.
2026-06-23 22:32:50 | ERROR    | bot.executor | [Executor] Partial TP executed but replacement protection failed. Flattening remaining size to avoid unmanaged bleed.
2026-06-23 22:32:50 | WARNING  | bot.executor | [Executor] EMERGENCY FLATTEN triggered (Partial TP protection rebuild failed) for 0.5 BTC/USDT:USDT
2026-06-23 22:32:50 | WARNING  | bot.executor | [Executor] TIME EXIT: age=61s >= 60s for BTC/USDT:USDT | estimated PnL=$-1.10
2026-06-23 22:32:50 | WARNING  | bot.executor | [Executor] DRY-RUN mode: no real orders will be placed.
2026-06-23 22:32:50 | WARNING  | bot.executor | [Executor] DRY-RUN mode: no real orders will be placed.
2026-06-23 22:32:50 | WARNING  | bot.executor | [Executor] DRY-RUN mode: no real orders will be placed.
2026-06-23 22:32:50 | WARNING  | bot.executor | [Executor] Batch orders failed (batch unsupported). Trying individual orders...
2026-06-23 22:32:50 | WARNING  | bot.executor | [Executor] Batch orders failed (batch failed). Trying individual orders...
2026-06-23 22:32:52 | ERROR    | bot.executor | [Executor] TP failed after all attempts. Cancelling sibling SL (id=sl-1) and flattening.
2026-06-23 22:32:52 | ERROR    | bot.executor | [Executor] Live order / SL placement failed: Bracket placement failed: TP leg rejected
Traceback (most recent call last):
  File "C:\Users\pc\Desktop\projects\Quad-desk\bot\executor.py", line 1439, in execute_signal
    batch_result = await self.exchange.create_orders(batch_orders)
                   ^^^^^^^^^^^^^^^^^^^^^^^^^^^^^^^^^^^^^^^^^^^^^^^
  File "C:\Users\pc\AppData\Local\Programs\Python\Python312\Lib\unittest\mock.py", line 2291, in _execute_mock_call
    raise effect
Exception: batch failed

During handling of the above exception, another exception occurred:

Traceback (most recent call last):
  File "C:\Users\pc\Desktop\projects\Quad-desk\bot\executor.py", line 1512, in execute_signal
    raise RuntimeError(f"Bracket placement failed: {failed_leg} leg rejected")
RuntimeError: Bracket placement failed: TP leg rejected
2026-06-23 22:32:52 | WARNING  | bot.main | [Regime Override] HMM hallucinates VOLATILE but RV/IV ratio=0.70 (COMPRESSION). Overriding to NEUTRAL.
2026-06-23 22:32:52 | WARNING  | bot.main | [Regime Override] HMM hallucinates VOLATILE but RV/IV ratio=0.50 (NORMAL). Overriding to NEUTRAL.
2026-06-23 22:32:52 | WARNING  | bot.main | [Regime Override] HMM lagging. RV/IV ratio=1.30 (EXPANSION). Elevating RANGE to VOLATILE.
2026-06-23 22:32:54 | WARNING  | bot.executor | [Executor] DRY-RUN mode: no real orders will be placed.
2026-06-23 22:32:55 | WARNING  | bot.executor | [Executor] DRY-RUN mode: no real orders will be placed.
2026-06-23 23:20:50 | WARNING  | bot.main | [CVDGate] CVD DIVERGENCE VETO: BULLISH divergence opposes SELL | strength=0.789 method=sequential confirms=2 vol=0.51x
2026-06-23 23:20:50 | WARNING  | bot.main | [CVDGate] Opposing divergence cap after unit-test: 65.46% -> 60.00%
2026-06-23 23:20:50 | WARNING  | bot.derivatives_context | [Derivatives] top_trader_ls hit exchange rate limit (418 I'm a teapot Too Many Requests -1003); cooling down 900s.
2026-06-23 23:20:50 | WARNING  | bot.derivatives_context | [Derivatives] Rate-limit cooldown active for 900s; using stale/neutral taker_flow.
2026-06-23 23:20:50 | WARNING  | bot.executor | [Executor] DRY-RUN mode: no real orders will be placed.
2026-06-23 23:20:50 | WARNING  | bot.executor | [Executor] DRY-RUN mode: no real orders will be placed.
2026-06-23 23:20:50 | WARNING  | bot.executor | [Executor] DRY-RUN mode: no real orders will be placed.
2026-06-23 23:20:50 | WARNING  | bot.executor | [Executor] DRY-RUN mode: no real orders will be placed.
2026-06-23 23:20:50 | WARNING  | bot.executor | [LiveExit] fill-price fetch failed: network error
2026-06-23 23:20:50 | WARNING  | bot.executor | [Executor] DRY-RUN mode: no real orders will be placed.
2026-06-23 23:20:50 | WARNING  | bot.executor | [Executor] DRY-RUN mode: no real orders will be placed.
2026-06-23 23:20:50 | WARNING  | bot.executor | [Executor] DRY-RUN mode: no real orders will be placed.
2026-06-23 23:20:50 | WARNING  | bot.executor | [Executor] DRY-RUN mode: no real orders will be placed.
2026-06-23 23:20:50 | WARNING  | bot.executor | [LiveExit] poll error: timeout
2026-06-23 23:20:50 | WARNING  | bot.executor | [Executor] DRY-RUN mode: no real orders will be placed.
2026-06-23 23:20:50 | WARNING  | bot.executor | [Executor] EMERGENCY FLATTEN triggered (test split close) for 0.005 BTC/USDT:USDT
2026-06-23 23:20:50 | ERROR    | bot.executor | [Executor] ⚠️ Position too small: 0.000066 BTC < min 0.001. Need ~$144 equity at 1.0% risk. Current equity=$10. Deposit or raise BOT_MAX_RISK_PCT.
2026-06-23 23:20:50 | ERROR    | bot.executor | [Executor] Account $100 too small. Notional=$19.80 < min $50.50. Needs ~$252500 account. ABORTING order.
2026-06-23 23:20:50 | ERROR    | bot.executor | [Executor] Capped notional=$40.00 < min $50.50. ABORTING order.
2026-06-23 23:20:50 | WARNING  | bot.executor | [Executor] Batch orders failed (batch failed). Trying individual orders...
2026-06-23 23:20:52 | ERROR    | bot.executor | [Executor] TP failed after all attempts. Cancelling sibling SL (id=sl-1) and flattening.
2026-06-23 23:20:52 | ERROR    | bot.executor | [Executor] Live order / SL placement failed: Bracket placement failed: TP leg rejected
Traceback (most recent call last):
  File "C:\Users\pc\Desktop\projects\Quad-desk\bot\executor.py", line 1439, in execute_signal
    batch_result = await self.exchange.create_orders(batch_orders)
                   ^^^^^^^^^^^^^^^^^^^^^^^^^^^^^^^^^^^^^^^^^^^^^^^
  File "C:\Users\pc\AppData\Local\Programs\Python\Python312\Lib\unittest\mock.py", line 2291, in _execute_mock_call
    raise effect
Exception: batch failed

During handling of the above exception, another exception occurred:

Traceback (most recent call last):
  File "C:\Users\pc\Desktop\projects\Quad-desk\bot\executor.py", line 1512, in execute_signal
    raise RuntimeError(f"Bracket placement failed: {failed_leg} leg rejected")
RuntimeError: Bracket placement failed: TP leg rejected
2026-06-23 23:20:52 | WARNING  | bot.executor | [Executor] load_markets attempt 1/3 failed: network down. Retrying in 1s…
2026-06-23 23:20:53 | WARNING  | bot.executor | [Executor] load_markets attempt 2/3 failed: network down. Retrying in 2s…
2026-06-23 23:20:55 | WARNING  | bot.executor | [Executor] load_markets attempt 3/3 failed: network down. All retries exhausted.
2026-06-23 23:20:55 | WARNING  | bot.executor | [Executor] Could not load BINANCEUSDM markets after 3 attempts (network down). Injecting minimal market fallback — bot will attempt to continue.
2026-06-23 23:20:55 | CRITICAL | bot.executor | [Executor] Could not load BINANCEUSDM markets after 3 attempts (network down). Live trading blocked because exchange precision/limits are unavailable.
2026-06-23 23:20:55 | WARNING  | bot.executor | [Executor] DRY-RUN mode: no real orders will be placed.
2026-06-23 23:20:55 | WARNING  | bot.executor | [Executor] load_markets attempt 1/3 failed: network down. Retrying in 1s…
2026-06-23 23:20:56 | WARNING  | bot.executor | [Executor] load_markets attempt 2/3 failed: network down. Retrying in 2s…
2026-06-23 23:20:58 | WARNING  | bot.executor | [Executor] load_markets attempt 3/3 failed: network down. All retries exhausted.
2026-06-23 23:20:59 | WARNING  | bot.executor | [Executor] Could not load BINANCEUSDM markets after 3 attempts (network down). Injecting minimal market fallback — bot will attempt to continue.
2026-06-23 23:20:59 | WARNING  | bot.executor | [Executor] Fallback market injected for Binance USDM: BTC/USDT:USDT
2026-06-23 23:20:59 | WARNING  | bot.executor | [Executor] DRY-RUN mode: no real orders will be placed.
2026-06-23 23:20:59 | ERROR    | bot.executor | [Executor] Partial TP: replacement SL rejected at 100.0: Order would immediately trigger. Leaving existing exchange protection in place.
2026-06-23 23:20:59 | ERROR    | bot.executor | [Executor] Partial TP executed but replacement protection failed. Flattening remaining size to avoid unmanaged bleed.
2026-06-23 23:20:59 | WARNING  | bot.executor | [Executor] EMERGENCY FLATTEN triggered (Partial TP protection rebuild failed) for 0.5 BTC/USDT:USDT
2026-06-23 23:20:59 | WARNING  | bot.executor | [Executor] TIME EXIT: age=61s >= 60s for BTC/USDT:USDT | estimated PnL=$-1.10
2026-06-23 23:20:59 | WARNING  | bot.executor | [Executor] DRY-RUN mode: no real orders will be placed.
2026-06-23 23:20:59 | WARNING  | bot.executor | [Executor] DRY-RUN mode: no real orders will be placed.
2026-06-23 23:20:59 | WARNING  | bot.executor | [Executor] DRY-RUN mode: no real orders will be placed.
2026-06-23 23:20:59 | WARNING  | bot.executor | [Executor] Batch orders failed (batch unsupported). Trying individual orders...
2026-06-23 23:20:59 | WARNING  | bot.executor | [Executor] Batch orders failed (batch failed). Trying individual orders...
2026-06-23 23:21:01 | ERROR    | bot.executor | [Executor] TP failed after all attempts. Cancelling sibling SL (id=sl-1) and flattening.
2026-06-23 23:21:01 | ERROR    | bot.executor | [Executor] Live order / SL placement failed: Bracket placement failed: TP leg rejected
Traceback (most recent call last):
  File "C:\Users\pc\Desktop\projects\Quad-desk\bot\executor.py", line 1439, in execute_signal
    batch_result = await self.exchange.create_orders(batch_orders)
                   ^^^^^^^^^^^^^^^^^^^^^^^^^^^^^^^^^^^^^^^^^^^^^^^
  File "C:\Users\pc\AppData\Local\Programs\Python\Python312\Lib\unittest\mock.py", line 2291, in _execute_mock_call
    raise effect
Exception: batch failed

During handling of the above exception, another exception occurred:

Traceback (most recent call last):
  File "C:\Users\pc\Desktop\projects\Quad-desk\bot\executor.py", line 1512, in execute_signal
    raise RuntimeError(f"Bracket placement failed: {failed_leg} leg rejected")
RuntimeError: Bracket placement failed: TP leg rejected
2026-06-23 23:21:02 | WARNING  | bot.main | [Regime Override] HMM hallucinates VOLATILE but RV/IV ratio=0.70 (COMPRESSION). Overriding to NEUTRAL.
2026-06-23 23:21:02 | WARNING  | bot.main | [Regime Override] HMM hallucinates VOLATILE but RV/IV ratio=0.50 (NORMAL). Overriding to NEUTRAL.
2026-06-23 23:21:02 | WARNING  | bot.main | [Regime Override] HMM lagging. RV/IV ratio=1.30 (EXPANSION). Elevating RANGE to VOLATILE.
2026-06-23 23:21:04 | WARNING  | bot.main | [ULIS] Direction conflict — bot=LONG, ULIS=SHORT. Skipping.
2026-06-23 23:21:04 | WARNING  | bot.executor | [Executor] DRY-RUN mode: no real orders will be placed.
2026-06-23 23:21:04 | ERROR    | bot.executor | [Executor] Trailing SL placement failed (new trailing stop rejected). Restoring old SL at 99.00 to avoid naked position.
2026-06-23 23:21:04 | CRITICAL | bot.executor | [Executor] CRITICAL: Failed to restore old SL (old stop restore rejected). Emergency flattening to avoid naked position.
2026-06-23 23:21:04 | WARNING  | bot.executor | [Executor] DRY-RUN mode: no real orders will be placed.
